Archive member included to satisfy reference by file (symbol)

c:/program files (x86)/atollic/truestudio for stm32 9.2.0/armtools/bin/../lib/gcc/arm-atollic-eabi/6.3.1/../../../../arm-atollic-eabi/lib/armv7-m\libc_nano.a(lib_a-errno.o)
                              Src\syscalls.o (__errno)
c:/program files (x86)/atollic/truestudio for stm32 9.2.0/armtools/bin/../lib/gcc/arm-atollic-eabi/6.3.1/../../../../arm-atollic-eabi/lib/armv7-m\libc_nano.a(lib_a-impure.o)
                              c:/program files (x86)/atollic/truestudio for stm32 9.2.0/armtools/bin/../lib/gcc/arm-atollic-eabi/6.3.1/../../../../arm-atollic-eabi/lib/armv7-m\libc_nano.a(lib_a-errno.o) (_impure_ptr)
c:/program files (x86)/atollic/truestudio for stm32 9.2.0/armtools/bin/../lib/gcc/arm-atollic-eabi/6.3.1/../../../../arm-atollic-eabi/lib/armv7-m\libc_nano.a(lib_a-init.o)
                              startup\startup_stm32f103xb.o (__libc_init_array)
c:/program files (x86)/atollic/truestudio for stm32 9.2.0/armtools/bin/../lib/gcc/arm-atollic-eabi/6.3.1/../../../../arm-atollic-eabi/lib/armv7-m\libc_nano.a(lib_a-memset.o)
                              Drivers\STM32F1xx_HAL_Driver\Src\stm32f1xx_hal_rcc.o (memset)
c:/program files (x86)/atollic/truestudio for stm32 9.2.0/armtools/bin/../lib/gcc/arm-atollic-eabi/6.3.1/armv7-m\libgcc.a(_lshrdi3.o)
                              Drivers\STM32F1xx_HAL_Driver\Src\stm32f1xx_hal_flash.o (__aeabi_llsr)

Allocating common symbols
Common symbol       size              file

uwTick              0x4               Drivers\STM32F1xx_HAL_Driver\Src\stm32f1xx_hal.o
RxDmaBuffer         0x14              Src\modbus.o
pFlash              0x20              Drivers\STM32F1xx_HAL_Driver\Src\stm32f1xx_hal_flash.o
hdma_usart1_tx      0x44              Src\main.o
hadc1               0x30              Src\IrrigationSystem.o
hdma_usart1_rx      0x44              Src\main.o
huart1              0x40              Src\main.o
hdma_adc1           0x44              Src\IrrigationSystem.o
htim1               0x40              Src\IrrigationSystem.o
txDmaBuffer         0x14              Src\modbus.o
htim2               0x40              Src\IrrigationSystem.o
adcDmaBuffer        0x40              Src\IrrigationSystem.o

Discarded input sections

 .text          0x00000000        0x0 c:/program files (x86)/atollic/truestudio for stm32 9.2.0/armtools/bin/../lib/gcc/arm-atollic-eabi/6.3.1/armv7-m/crti.o
 .data          0x00000000        0x0 c:/program files (x86)/atollic/truestudio for stm32 9.2.0/armtools/bin/../lib/gcc/arm-atollic-eabi/6.3.1/armv7-m/crti.o
 .bss           0x00000000        0x0 c:/program files (x86)/atollic/truestudio for stm32 9.2.0/armtools/bin/../lib/gcc/arm-atollic-eabi/6.3.1/armv7-m/crti.o
 .data          0x00000000        0x4 c:/program files (x86)/atollic/truestudio for stm32 9.2.0/armtools/bin/../lib/gcc/arm-atollic-eabi/6.3.1/armv7-m/crtbegin.o
 .text          0x00000000        0x0 Drivers\STM32F1xx_HAL_Driver\Src\stm32f1xx_hal.o
 .data          0x00000000        0x0 Drivers\STM32F1xx_HAL_Driver\Src\stm32f1xx_hal.o
 .bss           0x00000000        0x0 Drivers\STM32F1xx_HAL_Driver\Src\stm32f1xx_hal.o
 .text.HAL_MspInit
                0x00000000        0x2 Drivers\STM32F1xx_HAL_Driver\Src\stm32f1xx_hal.o
 .text.HAL_MspDeInit
                0x00000000        0x2 Drivers\STM32F1xx_HAL_Driver\Src\stm32f1xx_hal.o
 .text.HAL_DeInit
                0x00000000       0x20 Drivers\STM32F1xx_HAL_Driver\Src\stm32f1xx_hal.o
 .text.HAL_GetTickPrio
                0x00000000        0xc Drivers\STM32F1xx_HAL_Driver\Src\stm32f1xx_hal.o
 .text.HAL_SetTickFreq
                0x00000000       0x24 Drivers\STM32F1xx_HAL_Driver\Src\stm32f1xx_hal.o
 .text.HAL_GetTickFreq
                0x00000000        0xc Drivers\STM32F1xx_HAL_Driver\Src\stm32f1xx_hal.o
 .text.HAL_SuspendTick
                0x00000000       0x10 Drivers\STM32F1xx_HAL_Driver\Src\stm32f1xx_hal.o
 .text.HAL_ResumeTick
                0x00000000       0x10 Drivers\STM32F1xx_HAL_Driver\Src\stm32f1xx_hal.o
 .text.HAL_GetHalVersion
                0x00000000        0x8 Drivers\STM32F1xx_HAL_Driver\Src\stm32f1xx_hal.o
 .text.HAL_GetREVID
                0x00000000        0xc Drivers\STM32F1xx_HAL_Driver\Src\stm32f1xx_hal.o
 .text.HAL_GetDEVID
                0x00000000       0x10 Drivers\STM32F1xx_HAL_Driver\Src\stm32f1xx_hal.o
 .text.HAL_DBGMCU_EnableDBGSleepMode
                0x00000000       0x10 Drivers\STM32F1xx_HAL_Driver\Src\stm32f1xx_hal.o
 .text.HAL_DBGMCU_DisableDBGSleepMode
                0x00000000       0x10 Drivers\STM32F1xx_HAL_Driver\Src\stm32f1xx_hal.o
 .text.HAL_DBGMCU_EnableDBGStopMode
                0x00000000       0x10 Drivers\STM32F1xx_HAL_Driver\Src\stm32f1xx_hal.o
 .text.HAL_DBGMCU_DisableDBGStopMode
                0x00000000       0x10 Drivers\STM32F1xx_HAL_Driver\Src\stm32f1xx_hal.o
 .text.HAL_DBGMCU_EnableDBGStandbyMode
                0x00000000       0x10 Drivers\STM32F1xx_HAL_Driver\Src\stm32f1xx_hal.o
[...]
Memory Configuration

Name             Origin             Length             Attributes
RAM              0x20000000         0x00005000         xrw
FLASH            0x08000000         0x00010000         xr
*default*        0x00000000         0xffffffff

Linker script and memory map

LOAD c:/program files (x86)/atollic/truestudio for stm32 9.2.0/armtools/bin/../lib/gcc/arm-atollic-eabi/6.3.1/armv7-m/crti.o
LOAD c:/program files (x86)/atollic/truestudio for stm32 9.2.0/armtools/bin/../lib/gcc/arm-atollic-eabi/6.3.1/armv7-m/crtbegin.o
LOAD Drivers\STM32F1xx_HAL_Driver\Src\stm32f1xx_hal.o
LOAD Drivers\STM32F1xx_HAL_Driver\Src\stm32f1xx_hal_adc.o
LOAD Drivers\STM32F1xx_HAL_Driver\Src\stm32f1xx_hal_adc_ex.o
LOAD Drivers\STM32F1xx_HAL_Driver\Src\stm32f1xx_hal_cortex.o
LOAD Drivers\STM32F1xx_HAL_Driver\Src\stm32f1xx_hal_dma.o
LOAD Drivers\STM32F1xx_HAL_Driver\Src\stm32f1xx_hal_flash.o
LOAD Drivers\STM32F1xx_HAL_Driver\Src\stm32f1xx_hal_flash_ex.o
LOAD Drivers\STM32F1xx_HAL_Driver\Src\stm32f1xx_hal_gpio.o
LOAD Drivers\STM32F1xx_HAL_Driver\Src\stm32f1xx_hal_gpio_ex.o
LOAD Drivers\STM32F1xx_HAL_Driver\Src\stm32f1xx_hal_pwr.o
LOAD Drivers\STM32F1xx_HAL_Driver\Src\stm32f1xx_hal_rcc.o
LOAD Drivers\STM32F1xx_HAL_Driver\Src\stm32f1xx_hal_rcc_ex.o
LOAD Drivers\STM32F1xx_HAL_Driver\Src\stm32f1xx_hal_tim.o
LOAD Drivers\STM32F1xx_HAL_Driver\Src\stm32f1xx_hal_tim_ex.o
LOAD Drivers\STM32F1xx_HAL_Driver\Src\stm32f1xx_hal_uart.o
LOAD Src\IrrigationSystem.o
LOAD Src\main.o
LOAD Src\modbus.o
LOAD Src\stm32f1xx_hal_msp.o
LOAD Src\stm32f1xx_it.o
LOAD Src\syscalls.o
LOAD Src\system_stm32f1xx.o
LOAD startup\startup_stm32f103xb.o
                0x00000080                malloc_getpagesize_P = 0x80
START GROUP
LOAD c:/program files (x86)/atollic/truestudio for stm32 9.2.0/armtools/bin/../lib/gcc/arm-atollic-eabi/6.3.1/../../../../arm-atollic-eabi/lib/armv7-m\libc_nano.a
LOAD c:/program files (x86)/atollic/truestudio for stm32 9.2.0/armtools/bin/../lib/gcc/arm-atollic-eabi/6.3.1/../../../../arm-atollic-eabi/lib/armv7-m\libm.a
END GROUP
START GROUP
LOAD c:/program files (x86)/atollic/truestudio for stm32 9.2.0/armtools/bin/../lib/gcc/arm-atollic-eabi/6.3.1/armv7-m\libgcc.a
LOAD c:/program files (x86)/atollic/truestudio for stm32 9.2.0/armtools/bin/../lib/gcc/arm-atollic-eabi/6.3.1/../../../../arm-atollic-eabi/lib/armv7-m\libc_nano.a
END GROUP
START GROUP
LOAD c:/program files (x86)/atollic/truestudio for stm32 9.2.0/armtools/bin/../lib/gcc/arm-atollic-eabi/6.3.1/armv7-m\libgcc.a
LOAD c:/program files (x86)/atollic/truestudio for stm32 9.2.0/armtools/bin/../lib/gcc/arm-atollic-eabi/6.3.1/../../../../arm-atollic-eabi/lib/armv7-m\libc_nano.a
LOAD c:/program files (x86)/atollic/truestudio for stm32 9.2.0/armtools/bin/../lib/gcc/arm-atollic-eabi/6.3.1/../../../../arm-atollic-eabi/lib/armv7-m\libnosys.a
END GROUP
START GROUP
LOAD c:/program files (x86)/atollic/truestudio for stm32 9.2.0/armtools/bin/../lib/gcc/arm-atollic-eabi/6.3.1/armv7-m\libgcc.a
LOAD c:/program files (x86)/atollic/truestudio for stm32 9.2.0/armtools/bin/../lib/gcc/arm-atollic-eabi/6.3.1/../../../../arm-atollic-eabi/lib/armv7-m\libc_nano.a
LOAD c:/program files (x86)/atollic/truestudio for stm32 9.2.0/armtools/bin/../lib/gcc/arm-atollic-eabi/6.3.1/../../../../arm-atollic-eabi/lib/armv7-m\libnosys.a
END GROUP
LOAD c:/program files (x86)/atollic/truestudio for stm32 9.2.0/armtools/bin/../lib/gcc/arm-atollic-eabi/6.3.1/armv7-m/crtend.o
LOAD c:/program files (x86)/atollic/truestudio for stm32 9.2.0/armtools/bin/../lib/gcc/arm-atollic-eabi/6.3.1/armv7-m/crtn.o
                0x20005000                _estack = 0x20005000
                0x00000200                _Min_Heap_Size = 0x200
                0x00000400                _Min_Stack_Size = 0x400

.isr_vector     0x08000000      0x10c
                0x08000000                . = ALIGN (0x4)
 *(.isr_vector)
 .isr_vector    0x08000000      0x10c startup\startup_stm32f103xb.o
                0x08000000                g_pfnVectors
                0x0800010c                . = ALIGN (0x4)

.text           0x0800010c     0x2b80
                0x0800010c                . = ALIGN (0x4)
 *(.text)
 .text          0x0800010c       0x40 c:/program files (x86)/atollic/truestudio for stm32 9.2.0/armtools/bin/../lib/gcc/arm-atollic-eabi/6.3.1/armv7-m/crtbegin.o
 *(.text*)
 .text.HAL_InitTick
                0x0800014c       0x48 Drivers\STM32F1xx_HAL_Driver\Src\stm32f1xx_hal.o
                0x0800014c                HAL_InitTick
 .text.HAL_Init
                0x08000194       0x24 Drivers\STM32F1xx_HAL_Driver\Src\stm32f1xx_hal.o
                0x08000194                HAL_Init
 .text.HAL_IncTick
                0x080001b8       0x18 Drivers\STM32F1xx_HAL_Driver\Src\stm32f1xx_hal.o
                0x080001b8                HAL_IncTick
 .text.HAL_GetTick
                0x080001d0        0xc Drivers\STM32F1xx_HAL_Driver\Src\stm32f1xx_hal.o
                0x080001d0                HAL_GetTick
 .text.HAL_Delay
                0x080001dc       0x24 Drivers\STM32F1xx_HAL_Driver\Src\stm32f1xx_hal.o
                0x080001dc                HAL_Delay
 .text.ADC_DMAConvCplt
                0x08000200       0x4e Drivers\STM32F1xx_HAL_Driver\Src\stm32f1xx_hal_adc.o
                0x08000200                ADC_DMAConvCplt
 .text.HAL_ADC_ConvHalfCpltCallback
                0x0800024e        0x2 Drivers\STM32F1xx_HAL_Driver\Src\stm32f1xx_hal_adc.o
                0x0800024e                HAL_ADC_ConvHalfCpltCallback
 .text.ADC_DMAHalfConvCplt
                0x08000250        0xa Drivers\STM32F1xx_HAL_Driver\Src\stm32f1xx_hal_adc.o
                0x08000250                ADC_DMAHalfConvCplt
 .text.HAL_ADC_LevelOutOfWindowCallback
                0x0800025a        0x2 Drivers\STM32F1xx_HAL_Driver\Src\stm32f1xx_hal_adc.o
                0x0800025a                HAL_ADC_LevelOutOfWindowCallback
 .text.HAL_ADC_IRQHandler
                0x0800025c       0xec Drivers\STM32F1xx_HAL_Driver\Src\stm32f1xx_hal_adc.o
                0x0800025c                HAL_ADC_IRQHandler
 .text.HAL_ADC_ErrorCallback
                0x08000348        0x2 Drivers\STM32F1xx_HAL_Driver\Src\stm32f1xx_hal_adc.o
                0x08000348                HAL_ADC_ErrorCallback
 .text.ADC_DMAError
                0x0800034a       0x1a Drivers\STM32F1xx_HAL_Driver\Src\stm32f1xx_hal_adc.o
                0x0800034a                ADC_DMAError
 .text.HAL_ADC_ConfigChannel
                0x08000364      0x108 Drivers\STM32F1xx_HAL_Driver\Src\stm32f1xx_hal_adc.o
                0x08000364                HAL_ADC_ConfigChannel
 .text.ADC_Enable
                0x0800046c       0x70 Drivers\STM32F1xx_HAL_Driver\Src\stm32f1xx_hal_adc.o
                0x0800046c                ADC_Enable
 .text.HAL_ADC_Start_IT
                0x080004dc       0xcc Drivers\STM32F1xx_HAL_Driver\Src\stm32f1xx_hal_adc.o
                0x080004dc                HAL_ADC_Start_IT
 .text.HAL_ADC_Start_DMA
                0x080005a8      0x11c Drivers\STM32F1xx_HAL_Driver\Src\stm32f1xx_hal_adc.o
                0x080005a8                HAL_ADC_Start_DMA
 .text.ADC_ConversionStop_Disable
                0x080006c4       0x44 Drivers\STM32F1xx_HAL_Driver\Src\stm32f1xx_hal_adc.o
                0x080006c4                ADC_ConversionStop_Disable
 .text.HAL_ADC_Init
                0x08000708      0x100 Drivers\STM32F1xx_HAL_Driver\Src\stm32f1xx_hal_adc.o
                0x08000708                HAL_ADC_Init
 .text.HAL_ADCEx_Calibration_Start
                0x08000808       0xd0 Drivers\STM32F1xx_HAL_Driver\Src\stm32f1xx_hal_adc_ex.o
                0x08000808                HAL_ADCEx_Calibration_Start
 .text.HAL_ADCEx_InjectedConvCpltCallback
                0x080008d8        0x2 Drivers\STM32F1xx_HAL_Driver\Src\stm32f1xx_hal_adc_ex.o
                0x080008d8                HAL_ADCEx_InjectedConvCpltCallback
 *fill*         0x080008da        0x2 
 .text.HAL_NVIC_SetPriorityGrouping
                0x080008dc       0x24 Drivers\STM32F1xx_HAL_Driver\Src\stm32f1xx_hal_cortex.o
                0x080008dc                HAL_NVIC_SetPriorityGrouping
 .text.HAL_NVIC_SetPriority
                0x08000900       0x68 Drivers\STM32F1xx_HAL_Driver\Src\stm32f1xx_hal_cortex.o
                0x08000900                HAL_NVIC_SetPriority
 .text.HAL_NVIC_EnableIRQ
                0x08000968       0x18 Drivers\STM32F1xx_HAL_Driver\Src\stm32f1xx_hal_cortex.o
                0x08000968                HAL_NVIC_EnableIRQ
 .text.HAL_SYSTICK_Config
                0x08000980       0x2c Drivers\STM32F1xx_HAL_Driver\Src\stm32f1xx_hal_cortex.o
                0x08000980                HAL_SYSTICK_Config
 .text.HAL_DMA_Init
                0x080009ac       0x60 Drivers\STM32F1xx_HAL_Driver\Src\stm32f1xx_hal_dma.o
                0x080009ac                HAL_DMA_Init
 .text.HAL_DMA_Start_IT
                0x08000a0c       0x7a Drivers\STM32F1xx_HAL_Driver\Src\stm32f1xx_hal_dma.o
                0x08000a0c                HAL_DMA_Start_IT
 *fill*         0x08000a86        0x2 
 .text.HAL_DMA_Abort_IT
                0x08000a88       0x90 Drivers\STM32F1xx_HAL_Driver\Src\stm32f1xx_hal_dma.o
                0x08000a88                HAL_DMA_Abort_IT
 .text.HAL_DMA_IRQHandler
                0x08000b18      0x128 Drivers\STM32F1xx_HAL_Driver\Src\stm32f1xx_hal_dma.o
                0x08000b18                HAL_DMA_IRQHandler
 .text.HAL_GPIO_Init
                0x08000c40      0x1c0 Drivers\STM32F1xx_HAL_Driver\Src\stm32f1xx_hal_gpio.o
                0x08000c40                HAL_GPIO_Init
 .text.HAL_GPIO_WritePin
                0x08000e00        0xa Drivers\STM32F1xx_HAL_Driver\Src\stm32f1xx_hal_gpio.o
                0x08000e00                HAL_GPIO_WritePin
 .text.HAL_GPIO_TogglePin
                0x08000e0a        0x8 Drivers\STM32F1xx_HAL_Driver\Src\stm32f1xx_hal_gpio.o
                0x08000e0a                HAL_GPIO_TogglePin
 *fill*         0x08000e12        0x2 
 .text.HAL_RCC_OscConfig
                0x08000e14      0x318 Drivers\STM32F1xx_HAL_Driver\Src\stm32f1xx_hal_rcc.o
                0x08000e14                HAL_RCC_OscConfig
 .text.HAL_RCC_GetSysClockFreq
                0x0800112c       0x78 Drivers\STM32F1xx_HAL_Driver\Src\stm32f1xx_hal_rcc.o
                0x0800112c                HAL_RCC_GetSysClockFreq
 .text.HAL_RCC_ClockConfig
                0x080011a4      0x164 Drivers\STM32F1xx_HAL_Driver\Src\stm32f1xx_hal_rcc.o
                0x080011a4                HAL_RCC_ClockConfig
 .text.HAL_RCC_GetPCLK1Freq
                0x08001308       0x20 Drivers\STM32F1xx_HAL_Driver\Src\stm32f1xx_hal_rcc.o
                0x08001308                HAL_RCC_GetPCLK1Freq
 .text.HAL_RCC_GetPCLK2Freq
                0x08001328       0x20 Drivers\STM32F1xx_HAL_Driver\Src\stm32f1xx_hal_rcc.o
                0x08001328                HAL_RCC_GetPCLK2Freq
 .text.HAL_RCCEx_PeriphCLKConfig
                0x08001348       0xf0 Drivers\STM32F1xx_HAL_Driver\Src\stm32f1xx_hal_rcc_ex.o
                0x08001348                HAL_RCCEx_PeriphCLKConfig
 .text.HAL_RCCEx_GetPeriphCLKFreq
                0x08001438       0xec Drivers\STM32F1xx_HAL_Driver\Src\stm32f1xx_hal_rcc_ex.o
                0x08001438                HAL_RCCEx_GetPeriphCLKFreq
 .text.TIM_OC1_SetConfig
                0x08001524       0x50 Drivers\STM32F1xx_HAL_Driver\Src\stm32f1xx_hal_tim.o
 .text.TIM_OC3_SetConfig
                0x08001574       0x54 Drivers\STM32F1xx_HAL_Driver\Src\stm32f1xx_hal_tim.o
 .text.TIM_OC4_SetConfig
                0x080015c8       0x44 Drivers\STM32F1xx_HAL_Driver\Src\stm32f1xx_hal_tim.o
 .text.HAL_TIM_OC_MspInit
                0x0800160c        0x2 Drivers\STM32F1xx_HAL_Driver\Src\stm32f1xx_hal_tim.o
                0x0800160c                HAL_TIM_OC_MspInit
 .text.HAL_TIM_PWM_MspInit
                0x0800160e        0x2 Drivers\STM32F1xx_HAL_Driver\Src\stm32f1xx_hal_tim.o
                0x0800160e                HAL_TIM_PWM_MspInit
 .text.HAL_TIM_ConfigClockSource
                0x08001610      0x172 Drivers\STM32F1xx_HAL_Driver\Src\stm32f1xx_hal_tim.o
                0x08001610                HAL_TIM_ConfigClockSource
 .text.HAL_TIM_OC_DelayElapsedCallback
                0x08001782        0x2 Drivers\STM32F1xx_HAL_Driver\Src\stm32f1xx_hal_tim.o
                0x08001782                HAL_TIM_OC_DelayElapsedCallback
 .text.HAL_TIM_IC_CaptureCallback
                0x08001784        0x2 Drivers\STM32F1xx_HAL_Driver\Src\stm32f1xx_hal_tim.o
                0x08001784                HAL_TIM_IC_CaptureCallback
 .text.HAL_TIM_PWM_PulseFinishedCallback
                0x08001786        0x2 Drivers\STM32F1xx_HAL_Driver\Src\stm32f1xx_hal_tim.o
                0x08001786                HAL_TIM_PWM_PulseFinishedCallback
 .text.HAL_TIM_TriggerCallback
                0x08001788        0x2 Drivers\STM32F1xx_HAL_Driver\Src\stm32f1xx_hal_tim.o
                0x08001788                HAL_TIM_TriggerCallback
 .text.HAL_TIM_IRQHandler
                0x0800178a      0x144 Drivers\STM32F1xx_HAL_Driver\Src\stm32f1xx_hal_tim.o
                0x0800178a                HAL_TIM_IRQHandler
 *fill*         0x080018ce        0x2 
 .text.TIM_Base_SetConfig
                0x080018d0       0x70 Drivers\STM32F1xx_HAL_Driver\Src\stm32f1xx_hal_tim.o
                0x080018d0                TIM_Base_SetConfig
 .text.HAL_TIM_Base_Init
                0x08001940       0x34 Drivers\STM32F1xx_HAL_Driver\Src\stm32f1xx_hal_tim.o
                0x08001940                HAL_TIM_Base_Init
 .text.HAL_TIM_OC_Init
                0x08001974       0x34 Drivers\STM32F1xx_HAL_Driver\Src\stm32f1xx_hal_tim.o
                0x08001974                HAL_TIM_OC_Init
 .text.HAL_TIM_PWM_Init
                0x080019a8       0x34 Drivers\STM32F1xx_HAL_Driver\Src\stm32f1xx_hal_tim.o
                0x080019a8                HAL_TIM_PWM_Init
 .text.TIM_OC2_SetConfig
                0x080019dc       0x58 Drivers\STM32F1xx_HAL_Driver\Src\stm32f1xx_hal_tim.o
                0x080019dc                TIM_OC2_SetConfig
 .text.HAL_TIM_OC_ConfigChannel
                0x08001a34       0x5c Drivers\STM32F1xx_HAL_Driver\Src\stm32f1xx_hal_tim.o
                0x08001a34                HAL_TIM_OC_ConfigChannel
 .text.HAL_TIM_PWM_ConfigChannel
                0x08001a90       0xc4 Drivers\STM32F1xx_HAL_Driver\Src\stm32f1xx_hal_tim.o
                0x08001a90                HAL_TIM_PWM_ConfigChannel
 .text.TIM_CCxChannelCmd
                0x08001b54       0x18 Drivers\STM32F1xx_HAL_Driver\Src\stm32f1xx_hal_tim.o
                0x08001b54                TIM_CCxChannelCmd
 .text.HAL_TIM_PWM_Start
                0x08001b6c       0x2c Drivers\STM32F1xx_HAL_Driver\Src\stm32f1xx_hal_tim.o
                0x08001b6c                HAL_TIM_PWM_Start
 .text.HAL_TIM_PWM_Start_IT
                0x08001b98       0x6c Drivers\STM32F1xx_HAL_Driver\Src\stm32f1xx_hal_tim.o
                0x08001b98                HAL_TIM_PWM_Start_IT
 .text.HAL_TIMEx_ConfigBreakDeadTime
                0x08001c04       0x4c Drivers\STM32F1xx_HAL_Driver\Src\stm32f1xx_hal_tim_ex.o
                0x08001c04                HAL_TIMEx_ConfigBreakDeadTime
 .text.HAL_TIMEx_MasterConfigSynchronization
                0x08001c50       0x44 Drivers\STM32F1xx_HAL_Driver\Src\stm32f1xx_hal_tim_ex.o
                0x08001c50                HAL_TIMEx_MasterConfigSynchronization
 .text.HAL_TIMEx_CommutationCallback
                0x08001c94        0x2 Drivers\STM32F1xx_HAL_Driver\Src\stm32f1xx_hal_tim_ex.o
                0x08001c94                HAL_TIMEx_CommutationCallback
 .text.HAL_TIMEx_BreakCallback
                0x08001c96        0x2 Drivers\STM32F1xx_HAL_Driver\Src\stm32f1xx_hal_tim_ex.o
                0x08001c96                HAL_TIMEx_BreakCallback
 .text.UART_EndRxTransfer
                0x08001c98       0x1a Drivers\STM32F1xx_HAL_Driver\Src\stm32f1xx_hal_uart.o
 *fill*         0x08001cb2        0x2 
 .text.UART_SetConfig
                0x08001cb4      0x13c Drivers\STM32F1xx_HAL_Driver\Src\stm32f1xx_hal_uart.o
 .text.UART_WaitOnFlagUntilTimeout.constprop.3
                0x08001df0       0x50 Drivers\STM32F1xx_HAL_Driver\Src\stm32f1xx_hal_uart.o
 .text.HAL_UART_Init
                0x08001e40       0x5c Drivers\STM32F1xx_HAL_Driver\Src\stm32f1xx_hal_uart.o
                0x08001e40                HAL_UART_Init
 .text.HAL_UART_Transmit
                0x08001e9c       0xb8 Drivers\STM32F1xx_HAL_Driver\Src\stm32f1xx_hal_uart.o
                0x08001e9c                HAL_UART_Transmit
 .text.HAL_UART_Receive
                0x08001f54       0xbe Drivers\STM32F1xx_HAL_Driver\Src\stm32f1xx_hal_uart.o
                0x08001f54                HAL_UART_Receive
 .text.UART_Receive_IT
                0x08002012       0x7c Drivers\STM32F1xx_HAL_Driver\Src\stm32f1xx_hal_uart.o
 .text.HAL_UART_ErrorCallback
                0x0800208e        0x2 Drivers\STM32F1xx_HAL_Driver\Src\stm32f1xx_hal_uart.o
                0x0800208e                HAL_UART_ErrorCallback
 .text.HAL_UART_IRQHandler
                0x08002090      0x140 Drivers\STM32F1xx_HAL_Driver\Src\stm32f1xx_hal_uart.o
                0x08002090                HAL_UART_IRQHandler
 .text.UART_DMAAbortOnError
                0x080021d0       0x10 Drivers\STM32F1xx_HAL_Driver\Src\stm32f1xx_hal_uart.o
 .text.IrrigationSystem_init
                0x080021e0       0x60 Src\IrrigationSystem.o
                0x080021e0                IrrigationSystem_init
 .text.Read_Humidity_sensor
                0x08002240       0x2c Src\IrrigationSystem.o
                0x08002240                Read_Humidity_sensor
 .text.Read_Level_sensor
                0x0800226c       0x50 Src\IrrigationSystem.o
                0x0800226c                Read_Level_sensor
 .text.Verify_Water_Level
                0x080022bc       0x14 Src\IrrigationSystem.o
                0x080022bc                Verify_Water_Level
 .text.Turn_On_Motor
                0x080022d0       0x20 Src\IrrigationSystem.o
                0x080022d0                Turn_On_Motor
 .text.Turn_Off_Motor
                0x080022f0       0x1c Src\IrrigationSystem.o
                0x080022f0                Turn_Off_Motor
 .text.Verify_Humidity
                0x0800230c       0x28 Src\IrrigationSystem.o
                0x0800230c                Verify_Humidity
 .text.HAL_ADC_ConvCpltCallback
                0x08002334        0xc Src\IrrigationSystem.o
                0x08002334                HAL_ADC_ConvCpltCallback
 .text.SystemClock_Config
                0x08002340       0x7a Src\main.o
                0x08002340                SystemClock_Config
 *fill*         0x080023ba        0x2 
 .text.startup.main
                0x080023bc      0x334 Src\main.o
                0x080023bc                main
 .text.HAL_TIM_PeriodElapsedCallback
                0x080026f0        0x2 Src\main.o
                0x080026f0                HAL_TIM_PeriodElapsedCallback
 .text.Error_Handler
                0x080026f2        0x2 Src\main.o
                0x080026f2                Error_Handler
 .text.CRC16_2  0x080026f4       0x30 Src\modbus.o
                0x080026f4                CRC16_2
 .text.RTU_package_IrrigationSystem
                0x08002724       0xa0 Src\modbus.o
                0x08002724                RTU_package_IrrigationSystem
 .text.RTU_Read_package_IrrigationSystem
                0x080027c4       0x78 Src\modbus.o
                0x080027c4                RTU_Read_package_IrrigationSystem
 .text.HAL_UART_TxCpltCallback
                0x0800283c        0xc Src\modbus.o
                0x0800283c                HAL_UART_TxCpltCallback
 .text.HAL_UART_RxCpltCallback
                0x08002848        0xc Src\modbus.o
                0x08002848                HAL_UART_RxCpltCallback
 .text.HAL_MspInit
                0x08002854       0x44 Src\stm32f1xx_hal_msp.o
                0x08002854                HAL_MspInit
 .text.HAL_ADC_MspInit
                0x08002898       0xa8 Src\stm32f1xx_hal_msp.o
                0x08002898                HAL_ADC_MspInit
 .text.HAL_TIM_Base_MspInit
                0x08002940       0x5c Src\stm32f1xx_hal_msp.o
                0x08002940                HAL_TIM_Base_MspInit
 .text.HAL_TIM_MspPostInit
                0x0800299c       0x98 Src\stm32f1xx_hal_msp.o
                0x0800299c                HAL_TIM_MspPostInit
 .text.HAL_UART_MspInit
                0x08002a34       0xf4 Src\stm32f1xx_hal_msp.o
                0x08002a34                HAL_UART_MspInit
 .text.NMI_Handler
                0x08002b28        0x2 Src\stm32f1xx_it.o
                0x08002b28                NMI_Handler
 .text.HardFault_Handler
                0x08002b2a        0x2 Src\stm32f1xx_it.o
                0x08002b2a                HardFault_Handler
 .text.MemManage_Handler
                0x08002b2c        0x2 Src\stm32f1xx_it.o
                0x08002b2c                MemManage_Handler
 .text.BusFault_Handler
                0x08002b2e        0x2 Src\stm32f1xx_it.o
                0x08002b2e                BusFault_Handler
 .text.UsageFault_Handler
                0x08002b30        0x2 Src\stm32f1xx_it.o
                0x08002b30                UsageFault_Handler
 .text.SVC_Handler
                0x08002b32        0x2 Src\stm32f1xx_it.o
                0x08002b32                SVC_Handler
 .text.DebugMon_Handler
                0x08002b34        0x2 Src\stm32f1xx_it.o
                0x08002b34                DebugMon_Handler
 .text.PendSV_Handler
                0x08002b36        0x2 Src\stm32f1xx_it.o
                0x08002b36                PendSV_Handler
 .text.SysTick_Handler
                0x08002b38        0x4 Src\stm32f1xx_it.o
                0x08002b38                SysTick_Handler
 .text.DMA1_Channel1_IRQHandler
                0x08002b3c        0xc Src\stm32f1xx_it.o
                0x08002b3c                DMA1_Channel1_IRQHandler
 .text.DMA1_Channel4_IRQHandler
                0x08002b48        0xc Src\stm32f1xx_it.o
                0x08002b48                DMA1_Channel4_IRQHandler
 .text.DMA1_Channel5_IRQHandler
                0x08002b54        0xc Src\stm32f1xx_it.o
                0x08002b54                DMA1_Channel5_IRQHandler
 .text.ADC1_2_IRQHandler
                0x08002b60        0xc Src\stm32f1xx_it.o
                0x08002b60                ADC1_2_IRQHandler
 .text.TIM2_IRQHandler
                0x08002b6c        0xc Src\stm32f1xx_it.o
                0x08002b6c                TIM2_IRQHandler
 .text.USART1_IRQHandler
                0x08002b78        0xc Src\stm32f1xx_it.o
                0x08002b78                USART1_IRQHandler
 .text.SystemInit
                0x08002b84       0x4c Src\system_stm32f1xx.o
                0x08002b84                SystemInit
 .text.Reset_Handler
                0x08002bd0       0x48 startup\startup_stm32f103xb.o
                0x08002bd0                Reset_Handler
 .text.Default_Handler
                0x08002c18        0x2 startup\startup_stm32f103xb.o
                0x08002c18                RTC_Alarm_IRQHandler
                0x08002c18                EXTI2_IRQHandler
                0x08002c18                TIM1_CC_IRQHandler
                0x08002c18                PVD_IRQHandler
                0x08002c18                EXTI3_IRQHandler
                0x08002c18                EXTI0_IRQHandler
                0x08002c18                I2C2_EV_IRQHandler
                0x08002c18                SPI1_IRQHandler
                0x08002c18                TAMPER_IRQHandler
                0x08002c18                USART3_IRQHandler
                0x08002c18                RTC_IRQHandler
                0x08002c18                DMA1_Channel7_IRQHandler
                0x08002c18                CAN1_RX1_IRQHandler
                0x08002c18                TIM4_IRQHandler
                0x08002c18                I2C1_EV_IRQHandler
                0x08002c18                DMA1_Channel6_IRQHandler
                0x08002c18                TIM3_IRQHandler
                0x08002c18                RCC_IRQHandler
                0x08002c18                TIM1_TRG_COM_IRQHandler
                0x08002c18                Default_Handler
                0x08002c18                EXTI15_10_IRQHandler
                0x08002c18                EXTI9_5_IRQHandler
                0x08002c18                SPI2_IRQHandler
                0x08002c18                EXTI4_IRQHandler
                0x08002c18                USB_LP_CAN1_RX0_IRQHandler
                0x08002c18                USB_HP_CAN1_TX_IRQHandler
                0x08002c18                DMA1_Channel3_IRQHandler
                0x08002c18                TIM1_UP_IRQHandler
                0x08002c18                WWDG_IRQHandler
                0x08002c18                TIM1_BRK_IRQHandler
                0x08002c18                EXTI1_IRQHandler
                0x08002c18                USART2_IRQHandler
                0x08002c18                I2C2_ER_IRQHandler
                0x08002c18                DMA1_Channel2_IRQHandler
                0x08002c18                CAN1_SCE_IRQHandler
                0x08002c18                FLASH_IRQHandler
                0x08002c18                I2C1_ER_IRQHandler
                0x08002c18                USBWakeUp_IRQHandler
 *fill*         0x08002c1a        0x2 
 .text.__libc_init_array
                0x08002c1c       0x48 c:/program files (x86)/atollic/truestudio for stm32 9.2.0/armtools/bin/../lib/gcc/arm-atollic-eabi/6.3.1/../../../../arm-atollic-eabi/lib/armv7-m\libc_nano.a(lib_a-init.o)
                0x08002c1c                __libc_init_array
 .text.memset   0x08002c64       0x10 c:/program files (x86)/atollic/truestudio for stm32 9.2.0/armtools/bin/../lib/gcc/arm-atollic-eabi/6.3.1/../../../../arm-atollic-eabi/lib/armv7-m\libc_nano.a(lib_a-memset.o)
                0x08002c64                memset
 *(.glue_7)
 .glue_7        0x08002c74        0x0 linker stubs
 *(.glue_7t)
 .glue_7t       0x08002c74        0x0 linker stubs
 *(.eh_frame)
 .eh_frame      0x08002c74        0x0 c:/program files (x86)/atollic/truestudio for stm32 9.2.0/armtools/bin/../lib/gcc/arm-atollic-eabi/6.3.1/armv7-m/crtbegin.o
 *(.init)
 .init          0x08002c74        0x4 c:/program files (x86)/atollic/truestudio for stm32 9.2.0/armtools/bin/../lib/gcc/arm-atollic-eabi/6.3.1/armv7-m/crti.o
                0x08002c74                _init
 .init          0x08002c78        0x8 c:/program files (x86)/atollic/truestudio for stm32 9.2.0/armtools/bin/../lib/gcc/arm-atollic-eabi/6.3.1/armv7-m/crtn.o
 *(.fini)
 .fini          0x08002c80        0x4 c:/program files (x86)/atollic/truestudio for stm32 9.2.0/armtools/bin/../lib/gcc/arm-atollic-eabi/6.3.1/armv7-m/crti.o
                0x08002c80                _fini
 .fini          0x08002c84        0x8 c:/program files (x86)/atollic/truestudio for stm32 9.2.0/armtools/bin/../lib/gcc/arm-atollic-eabi/6.3.1/armv7-m/crtn.o
                0x08002c8c                . = ALIGN (0x4)
                0x08002c8c                _etext = .

.vfp11_veneer   0x08002c8c        0x0
 .vfp11_veneer  0x08002c8c        0x0 linker stubs

.v4_bx          0x08002c8c        0x0
 .v4_bx         0x08002c8c        0x0 linker stubs

.iplt           0x08002c8c        0x0
 .iplt          0x08002c8c        0x0 c:/program files (x86)/atollic/truestudio for stm32 9.2.0/armtools/bin/../lib/gcc/arm-atollic-eabi/6.3.1/armv7-m/crtbegin.o

.rodata         0x08002c8c       0x38
                0x08002c8c                . = ALIGN (0x4)
 *(.rodata)
 .rodata        0x08002c8c       0x10 Drivers\STM32F1xx_HAL_Driver\Src\stm32f1xx_hal_rcc.o
 .rodata        0x08002c9c       0x10 Drivers\STM32F1xx_HAL_Driver\Src\stm32f1xx_hal_rcc_ex.o
 *(.rodata*)
 .rodata.AHBPrescTable
                0x08002cac       0x10 Src\system_stm32f1xx.o
                0x08002cac                AHBPrescTable
 .rodata.APBPrescTable
                0x08002cbc        0x8 Src\system_stm32f1xx.o
                0x08002cbc                APBPrescTable
                0x08002cc4                . = ALIGN (0x4)

.rel.dyn        0x08002cc4        0x0
 .rel.iplt      0x08002cc4        0x0 c:/program files (x86)/atollic/truestudio for stm32 9.2.0/armtools/bin/../lib/gcc/arm-atollic-eabi/6.3.1/armv7-m/crtbegin.o

.ARM.extab
 *(.ARM.extab* .gnu.linkonce.armextab.*)

.ARM            0x08002cc4        0x0
                0x08002cc4                __exidx_start = .
 *(.ARM.exidx*)
                0x08002cc4                __exidx_end = .

.preinit_array  0x08002cc4        0x0
                0x08002cc4                PROVIDE (__preinit_array_start, .)
 *(.preinit_array*)
                0x08002cc4                PROVIDE (__preinit_array_end, .)

.init_array     0x08002cc4        0x4
                0x08002cc4                PROVIDE (__init_array_start, .)
 *(SORT(.init_array.*))
 *(.init_array*)
 .init_array    0x08002cc4        0x4 c:/program files (x86)/atollic/truestudio for stm32 9.2.0/armtools/bin/../lib/gcc/arm-atollic-eabi/6.3.1/armv7-m/crtbegin.o
                0x08002cc8                PROVIDE (__init_array_end, .)

.fini_array     0x08002cc8        0x4
                [!provide]                PROVIDE (__fini_array_start, .)
 *(SORT(.fini_array.*))
 *(.fini_array*)
 .fini_array    0x08002cc8        0x4 c:/program files (x86)/atollic/truestudio for stm32 9.2.0/armtools/bin/../lib/gcc/arm-atollic-eabi/6.3.1/armv7-m/crtbegin.o
                [!provide]                PROVIDE (__fini_array_end, .)
                0x08002ccc                _sidata = LOADADDR (.data)

.data           0x20000000        0xc load address 0x08002ccc
                0x20000000                . = ALIGN (0x4)
                0x20000000                _sdata = .
 *(.data)
 *(.data*)
 .data.uwTickFreq
                0x20000000        0x1 Drivers\STM32F1xx_HAL_Driver\Src\stm32f1xx_hal.o
                0x20000000                uwTickFreq
 *fill*         0x20000001        0x3 
 .data.uwTickPrio
                0x20000004        0x4 Drivers\STM32F1xx_HAL_Driver\Src\stm32f1xx_hal.o
                0x20000004                uwTickPrio
 .data.SystemCoreClock
                0x20000008        0x4 Src\system_stm32f1xx.o
                0x20000008                SystemCoreClock
                0x2000000c                . = ALIGN (0x4)
                0x2000000c                _edata = .

.igot.plt       0x2000000c        0x0 load address 0x08002cd8
 .igot.plt      0x2000000c        0x0 c:/program files (x86)/atollic/truestudio for stm32 9.2.0/armtools/bin/../lib/gcc/arm-atollic-eabi/6.3.1/armv7-m/crtbegin.o
                0x2000000c                . = ALIGN (0x4)

.bss            0x2000000c      0x248 load address 0x08002cd8
                0x2000000c                _sbss = .
                0x2000000c                __bss_start__ = _sbss
 *(.bss)
 .bss           0x2000000c       0x1c c:/program files (x86)/atollic/truestudio for stm32 9.2.0/armtools/bin/../lib/gcc/arm-atollic-eabi/6.3.1/armv7-m/crtbegin.o
 *(.bss*)
 .bss.UartReady
                0x20000028        0x1 Src\modbus.o
                0x20000028                UartReady
 *(COMMON)
 *fill*         0x20000029        0x3 
 COMMON         0x2000002c        0x4 Drivers\STM32F1xx_HAL_Driver\Src\stm32f1xx_hal.o
                0x2000002c                uwTick
 COMMON         0x20000030      0x134 Src\IrrigationSystem.o
                0x20000030                hadc1
                0x20000060                hdma_adc1
                0x200000a4                htim1
                0x200000e4                htim2
                0x20000124                adcDmaBuffer
 COMMON         0x20000164       0xc8 Src\main.o
                0x20000164                hdma_usart1_tx
                0x200001a8                hdma_usart1_rx
                0x200001ec                huart1
 COMMON         0x2000022c       0x28 Src\modbus.o
                0x2000022c                RxDmaBuffer
                0x20000240                txDmaBuffer
                0x20000254                . = ALIGN (0x4)
                0x20000254                _ebss = .
                0x20000254                __bss_end__ = _ebss

._user_heap_stack
                0x20000254      0x600 load address 0x08002cd8
                0x20000254                . = ALIGN (0x4)
                0x20000254                PROVIDE (end, .)
                [!provide]                PROVIDE (_end, .)
                0x20000454                . = (. + _Min_Heap_Size)
 *fill*         0x20000254      0x200 
                0x20000854                . = (. + _Min_Stack_Size)
 *fill*         0x20000454      0x400 
                0x20000854                . = ALIGN (0x4)

/DISCARD/
 libc.a(*)
 libm.a(*)
 libgcc.a(*)

.ARM.attributes
                0x00000000       0x29
 *(.ARM.attributes)
 .ARM.attributes
                0x00000000       0x1d c:/program files (x86)/atollic/truestudio for stm32 9.2.0/armtools/bin/../lib/gcc/arm-atollic-eabi/6.3.1/armv7-m/crti.o
 .ARM.attributes
                0x0000001d       0x2d c:/program files (x86)/atollic/truestudio for stm32 9.2.0/armtools/bin/../lib/gcc/arm-atollic-eabi/6.3.1/armv7-m/crtbegin.o
 .ARM.attributes
                0x0000004a       0x33 Drivers\STM32F1xx_HAL_Driver\Src\stm32f1xx_hal.o
 .ARM.attributes
                0x0000007d       0x33 Drivers\STM32F1xx_HAL_Driver\Src\stm32f1xx_hal_adc.o
 .ARM.attributes
                0x000000b0       0x33 Drivers\STM32F1xx_HAL_Driver\Src\stm32f1xx_hal_adc_ex.o
 .ARM.attributes
                0x000000e3       0x33 Drivers\STM32F1xx_HAL_Driver\Src\stm32f1xx_hal_cortex.o
 .ARM.attributes
                0x00000116       0x33 Drivers\STM32F1xx_HAL_Driver\Src\stm32f1xx_hal_dma.o
 .ARM.attributes
                0x00000149       0x33 Drivers\STM32F1xx_HAL_Driver\Src\stm32f1xx_hal_gpio.o
 .ARM.attributes
                0x0000017c       0x33 Drivers\STM32F1xx_HAL_Driver\Src\stm32f1xx_hal_rcc.o
 .ARM.attributes
                0x000001af       0x33 Drivers\STM32F1xx_HAL_Driver\Src\stm32f1xx_hal_rcc_ex.o
 .ARM.attributes
                0x000001e2       0x33 Drivers\STM32F1xx_HAL_Driver\Src\stm32f1xx_hal_tim.o
 .ARM.attributes
                0x00000215       0x33 Drivers\STM32F1xx_HAL_Driver\Src\stm32f1xx_hal_tim_ex.o
 .ARM.attributes
                0x00000248       0x33 Drivers\STM32F1xx_HAL_Driver\Src\stm32f1xx_hal_uart.o
 .ARM.attributes
                0x0000027b       0x33 Src\IrrigationSystem.o
 .ARM.attributes
                0x000002ae       0x33 Src\main.o
 .ARM.attributes
                0x000002e1       0x33 Src\modbus.o
 .ARM.attributes
                0x00000314       0x33 Src\stm32f1xx_hal_msp.o
 .ARM.attributes
                0x00000347       0x33 Src\stm32f1xx_it.o
 .ARM.attributes
                0x0000037a       0x33 Src\system_stm32f1xx.o
 .ARM.attributes
                0x000003ad       0x21 startup\startup_stm32f103xb.o
 .ARM.attributes
                0x000003ce       0x2d c:/program files (x86)/atollic/truestudio for stm32 9.2.0/armtools/bin/../lib/gcc/arm-atollic-eabi/6.3.1/../../../../arm-atollic-eabi/lib/armv7-m\libc_nano.a(lib_a-init.o)
 .ARM.attributes
                0x000003fb       0x2d c:/program files (x86)/atollic/truestudio for stm32 9.2.0/armtools/bin/../lib/gcc/arm-atollic-eabi/6.3.1/../../../../arm-atollic-eabi/lib/armv7-m\libc_nano.a(lib_a-memset.o)
 .ARM.attributes
                0x00000428       0x1d c:/program files (x86)/atollic/truestudio for stm32 9.2.0/armtools/bin/../lib/gcc/arm-atollic-eabi/6.3.1/armv7-m/crtn.o
OUTPUT(ADC_DMA_Timer.elf elf32-littlearm)

.debug_info     0x00000000    0x1896e
 .debug_info    0x00000000      0xfc8 Drivers\STM32F1xx_HAL_Driver\Src\stm32f1xx_hal.o
 .debug_info    0x00000fc8     0x16a1 Drivers\STM32F1xx_HAL_Driver\Src\stm32f1xx_hal_adc.o
 .debug_info    0x00002669     0x138b Drivers\STM32F1xx_HAL_Driver\Src\stm32f1xx_hal_adc_ex.o
 .debug_info    0x000039f4     0x14a9 Drivers\STM32F1xx_HAL_Driver\Src\stm32f1xx_hal_cortex.o
 .debug_info    0x00004e9d     0x1047 Drivers\STM32F1xx_HAL_Driver\Src\stm32f1xx_hal_dma.o
 .debug_info    0x00005ee4      0xec2 Drivers\STM32F1xx_HAL_Driver\Src\stm32f1xx_hal_gpio.o
 .debug_info    0x00006da6     0x123d Drivers\STM32F1xx_HAL_Driver\Src\stm32f1xx_hal_rcc.o
 .debug_info    0x00007fe3      0xc9d Drivers\STM32F1xx_HAL_Driver\Src\stm32f1xx_hal_rcc_ex.o
 .debug_info    0x00008c80     0x3bb9 Drivers\STM32F1xx_HAL_Driver\Src\stm32f1xx_hal_tim.o
 .debug_info    0x0000c839     0x1989 Drivers\STM32F1xx_HAL_Driver\Src\stm32f1xx_hal_tim_ex.o
 .debug_info    0x0000e1c2     0x1e46 Drivers\STM32F1xx_HAL_Driver\Src\stm32f1xx_hal_uart.o
 .debug_info    0x00010008     0x14c2 Src\IrrigationSystem.o
 .debug_info    0x000114ca     0x21ba Src\main.o
 .debug_info    0x00013684     0x1860 Src\modbus.o
 .debug_info    0x00014ee4     0x1a3a Src\stm32f1xx_hal_msp.o
 .debug_info    0x0001691e     0x138e Src\stm32f1xx_it.o
 .debug_info    0x00017cac      0xc4d Src\system_stm32f1xx.o
 .debug_info    0x000188f9       0x75 startup\startup_stm32f103xb.o

.debug_abbrev   0x00000000     0x31ba
 .debug_abbrev  0x00000000      0x315 Drivers\STM32F1xx_HAL_Driver\Src\stm32f1xx_hal.o
 .debug_abbrev  0x00000315      0x2fb Drivers\STM32F1xx_HAL_Driver\Src\stm32f1xx_hal_adc.o
 .debug_abbrev  0x00000610      0x296 Drivers\STM32F1xx_HAL_Driver\Src\stm32f1xx_hal_adc_ex.o
 .debug_abbrev  0x000008a6      0x399 Drivers\STM32F1xx_HAL_Driver\Src\stm32f1xx_hal_cortex.o
 .debug_abbrev  0x00000c3f      0x29e Drivers\STM32F1xx_HAL_Driver\Src\stm32f1xx_hal_dma.o
 .debug_abbrev  0x00000edd      0x268 Drivers\STM32F1xx_HAL_Driver\Src\stm32f1xx_hal_gpio.o
 .debug_abbrev  0x00001145      0x367 Drivers\STM32F1xx_HAL_Driver\Src\stm32f1xx_hal_rcc.o
 .debug_abbrev  0x000014ac      0x277 Drivers\STM32F1xx_HAL_Driver\Src\stm32f1xx_hal_rcc_ex.o
 .debug_abbrev  0x00001723      0x3bb Drivers\STM32F1xx_HAL_Driver\Src\stm32f1xx_hal_tim.o
 .debug_abbrev  0x00001ade      0x30d Drivers\STM32F1xx_HAL_Driver\Src\stm32f1xx_hal_tim_ex.o
 .debug_abbrev  0x00001deb      0x364 Drivers\STM32F1xx_HAL_Driver\Src\stm32f1xx_hal_uart.o
 .debug_abbrev  0x0000214f      0x2d3 Src\IrrigationSystem.o
 .debug_abbrev  0x00002422      0x34c Src\main.o
 .debug_abbrev  0x0000276e      0x37d Src\modbus.o
 .debug_abbrev  0x00002aeb      0x2a3 Src\stm32f1xx_hal_msp.o
 .debug_abbrev  0x00002d8e      0x22f Src\stm32f1xx_it.o
 .debug_abbrev  0x00002fbd      0x1eb Src\system_stm32f1xx.o
 .debug_abbrev  0x000031a8       0x12 startup\startup_stm32f103xb.o

.debug_loc      0x00000000     0x7982
 .debug_loc     0x00000000      0x11b Drivers\STM32F1xx_HAL_Driver\Src\stm32f1xx_hal.o
 .debug_loc     0x0000011b      0x873 Drivers\STM32F1xx_HAL_Driver\Src\stm32f1xx_hal_adc.o
 .debug_loc     0x0000098e      0x769 Drivers\STM32F1xx_HAL_Driver\Src\stm32f1xx_hal_adc_ex.o
 .debug_loc     0x000010f7      0x46b Drivers\STM32F1xx_HAL_Driver\Src\stm32f1xx_hal_cortex.o
 .debug_loc     0x00001562      0x5d1 Drivers\STM32F1xx_HAL_Driver\Src\stm32f1xx_hal_dma.o
 .debug_loc     0x00001b33      0x36a Drivers\STM32F1xx_HAL_Driver\Src\stm32f1xx_hal_gpio.o
 .debug_loc     0x00001e9d      0x4c3 Drivers\STM32F1xx_HAL_Driver\Src\stm32f1xx_hal_rcc.o
 .debug_loc     0x00002360      0x29d Drivers\STM32F1xx_HAL_Driver\Src\stm32f1xx_hal_rcc_ex.o
 .debug_loc     0x000025fd     0x300c Drivers\STM32F1xx_HAL_Driver\Src\stm32f1xx_hal_tim.o
 .debug_loc     0x00005609      0x822 Drivers\STM32F1xx_HAL_Driver\Src\stm32f1xx_hal_tim_ex.o
 .debug_loc     0x00005e2b     0x1311 Drivers\STM32F1xx_HAL_Driver\Src\stm32f1xx_hal_uart.o
 .debug_loc     0x0000713c      0x1fa Src\IrrigationSystem.o
 .debug_loc     0x00007336      0x40b Src\modbus.o
 .debug_loc     0x00007741      0x174 Src\stm32f1xx_hal_msp.o
 .debug_loc     0x000078b5       0xcd Src\system_stm32f1xx.o

.debug_aranges  0x00000000      0xad8
 .debug_aranges
                0x00000000       0xc8 Drivers\STM32F1xx_HAL_Driver\Src\stm32f1xx_hal.o
 .debug_aranges
                0x000000c8       0xc8 Drivers\STM32F1xx_HAL_Driver\Src\stm32f1xx_hal_adc.o
 .debug_aranges
                0x00000190       0x80 Drivers\STM32F1xx_HAL_Driver\Src\stm32f1xx_hal_adc_ex.o
 .debug_aranges
                0x00000210       0x90 Drivers\STM32F1xx_HAL_Driver\Src\stm32f1xx_hal_cortex.o
 .debug_aranges
                0x000002a0       0x78 Drivers\STM32F1xx_HAL_Driver\Src\stm32f1xx_hal_dma.o
 .debug_aranges
                0x00000318       0x58 Drivers\STM32F1xx_HAL_Driver\Src\stm32f1xx_hal_gpio.o
 .debug_aranges
                0x00000370       0x88 Drivers\STM32F1xx_HAL_Driver\Src\stm32f1xx_hal_rcc.o
 .debug_aranges
                0x000003f8       0x30 Drivers\STM32F1xx_HAL_Driver\Src\stm32f1xx_hal_rcc_ex.o
 .debug_aranges
                0x00000428      0x250 Drivers\STM32F1xx_HAL_Driver\Src\stm32f1xx_hal_tim.o
 .debug_aranges
                0x00000678       0xe8 Drivers\STM32F1xx_HAL_Driver\Src\stm32f1xx_hal_tim_ex.o
 .debug_aranges
                0x00000760      0x170 Drivers\STM32F1xx_HAL_Driver\Src\stm32f1xx_hal_uart.o
 .debug_aranges
                0x000008d0       0x58 Src\IrrigationSystem.o
 .debug_aranges
                0x00000928       0x38 Src\main.o
 .debug_aranges
                0x00000960       0x58 Src\modbus.o
 .debug_aranges
                0x000009b8       0x58 Src\stm32f1xx_hal_msp.o
 .debug_aranges
                0x00000a10       0x78 Src\stm32f1xx_it.o
 .debug_aranges
                0x00000a88       0x28 Src\system_stm32f1xx.o
 .debug_aranges
                0x00000ab0       0x28 startup\startup_stm32f103xb.o

.debug_ranges   0x00000000      0xe68
 .debug_ranges  0x00000000       0xb8 Drivers\STM32F1xx_HAL_Driver\Src\stm32f1xx_hal.o
 .debug_ranges  0x000000b8       0xb8 Drivers\STM32F1xx_HAL_Driver\Src\stm32f1xx_hal_adc.o
 .debug_ranges  0x00000170       0x70 Drivers\STM32F1xx_HAL_Driver\Src\stm32f1xx_hal_adc_ex.o
 .debug_ranges  0x000001e0      0x128 Drivers\STM32F1xx_HAL_Driver\Src\stm32f1xx_hal_cortex.o
 .debug_ranges  0x00000308       0xa8 Drivers\STM32F1xx_HAL_Driver\Src\stm32f1xx_hal_dma.o
 .debug_ranges  0x000003b0       0x60 Drivers\STM32F1xx_HAL_Driver\Src\stm32f1xx_hal_gpio.o
 .debug_ranges  0x00000410       0xa0 Drivers\STM32F1xx_HAL_Driver\Src\stm32f1xx_hal_rcc.o
 .debug_ranges  0x000004b0       0x40 Drivers\STM32F1xx_HAL_Driver\Src\stm32f1xx_hal_rcc_ex.o
 .debug_ranges  0x000004f0      0x340 Drivers\STM32F1xx_HAL_Driver\Src\stm32f1xx_hal_tim.o
 .debug_ranges  0x00000830       0xd8 Drivers\STM32F1xx_HAL_Driver\Src\stm32f1xx_hal_tim_ex.o
 .debug_ranges  0x00000908      0x190 Drivers\STM32F1xx_HAL_Driver\Src\stm32f1xx_hal_uart.o
 .debug_ranges  0x00000a98       0x48 Src\IrrigationSystem.o
 .debug_ranges  0x00000ae0      0x100 Src\main.o
 .debug_ranges  0x00000be0       0x78 Src\modbus.o
 .debug_ranges  0x00000c58      0x170 Src\stm32f1xx_hal_msp.o
 .debug_ranges  0x00000dc8       0x68 Src\stm32f1xx_it.o
 .debug_ranges  0x00000e30       0x18 Src\system_stm32f1xx.o
 .debug_ranges  0x00000e48       0x20 startup\startup_stm32f103xb.o

.debug_line     0x00000000     0x6b54
 .debug_line    0x00000000      0x45f Drivers\STM32F1xx_HAL_Driver\Src\stm32f1xx_hal.o
 .debug_line    0x0000045f      0x86c Drivers\STM32F1xx_HAL_Driver\Src\stm32f1xx_hal_adc.o
 .debug_line    0x00000ccb      0x72b Drivers\STM32F1xx_HAL_Driver\Src\stm32f1xx_hal_adc_ex.o
 .debug_line    0x000013f6      0x469 Drivers\STM32F1xx_HAL_Driver\Src\stm32f1xx_hal_cortex.o
 .debug_line    0x0000185f      0x68f Drivers\STM32F1xx_HAL_Driver\Src\stm32f1xx_hal_dma.o
 .debug_line    0x00001eee      0x45e Drivers\STM32F1xx_HAL_Driver\Src\stm32f1xx_hal_gpio.o
 .debug_line    0x0000234c      0x639 Drivers\STM32F1xx_HAL_Driver\Src\stm32f1xx_hal_rcc.o
 .debug_line    0x00002985      0x3cc Drivers\STM32F1xx_HAL_Driver\Src\stm32f1xx_hal_rcc_ex.o
 .debug_line    0x00002d51     0x115f Drivers\STM32F1xx_HAL_Driver\Src\stm32f1xx_hal_tim.o
 .debug_line    0x00003eb0      0x701 Drivers\STM32F1xx_HAL_Driver\Src\stm32f1xx_hal_tim_ex.o
 .debug_line    0x000045b1      0xc45 Drivers\STM32F1xx_HAL_Driver\Src\stm32f1xx_hal_uart.o
 .debug_line    0x000051f6      0x46e Src\IrrigationSystem.o
 .debug_line    0x00005664      0x4e5 Src\main.o
 .debug_line    0x00005b49      0x4a0 Src\modbus.o
 .debug_line    0x00005fe9      0x490 Src\stm32f1xx_hal_msp.o
 .debug_line    0x00006479      0x39f Src\stm32f1xx_it.o
 .debug_line    0x00006818      0x2bf Src\system_stm32f1xx.o
 .debug_line    0x00006ad7       0x7d startup\startup_stm32f103xb.o

.debug_str      0x00000000     0x3f11
 .debug_str     0x00000000      0xbb7 Drivers\STM32F1xx_HAL_Driver\Src\stm32f1xx_hal.o
                                0xc6b (size before relaxing)
 .debug_str     0x00000bb7      0x630 Drivers\STM32F1xx_HAL_Driver\Src\stm32f1xx_hal_adc.o
                                0xd87 (size before relaxing)
 .debug_str     0x000011e7      0x291 Drivers\STM32F1xx_HAL_Driver\Src\stm32f1xx_hal_adc_ex.o
                                0xd3a (size before relaxing)
 .debug_str     0x00001478      0x2e1 Drivers\STM32F1xx_HAL_Driver\Src\stm32f1xx_hal_cortex.o
                                0xd93 (size before relaxing)
 .debug_str     0x00001759      0x220 Drivers\STM32F1xx_HAL_Driver\Src\stm32f1xx_hal_dma.o
                                0xaf7 (size before relaxing)
 .debug_str     0x00001979      0x1d1 Drivers\STM32F1xx_HAL_Driver\Src\stm32f1xx_hal_gpio.o
                                0x900 (size before relaxing)
 .debug_str     0x00001b4a      0x317 Drivers\STM32F1xx_HAL_Driver\Src\stm32f1xx_hal_rcc.o
                                0xade (size before relaxing)
 .debug_str     0x00001e61      0x110 Drivers\STM32F1xx_HAL_Driver\Src\stm32f1xx_hal_rcc_ex.o
                                0x8bb (size before relaxing)
 .debug_str     0x00001f71      0xf05 Drivers\STM32F1xx_HAL_Driver\Src\stm32f1xx_hal_tim.o
                               0x182f (size before relaxing)
 .debug_str     0x00002e76      0x4f1 Drivers\STM32F1xx_HAL_Driver\Src\stm32f1xx_hal_tim_ex.o
                               0x10d1 (size before relaxing)
 .debug_str     0x00003367      0x6d6 Drivers\STM32F1xx_HAL_Driver\Src\stm32f1xx_hal_uart.o
                               0x1048 (size before relaxing)
 .debug_str     0x00003a3d      0x161 Src\IrrigationSystem.o
                                0xd87 (size before relaxing)
 .debug_str     0x00003b9e      0x131 Src\main.o
                               0x1746 (size before relaxing)
 .debug_str     0x00003ccf       0xab Src\modbus.o
                                0xef1 (size before relaxing)
 .debug_str     0x00003d7a       0x25 Src\stm32f1xx_hal_msp.o
                               0x1200 (size before relaxing)
 .debug_str     0x00003d9f      0x125 Src\stm32f1xx_it.o
                                0xe8d (size before relaxing)
 .debug_str     0x00003ec4       0x4d Src\system_stm32f1xx.o
                                0x769 (size before relaxing)

.comment        0x00000000       0x7c
 .comment       0x00000000       0x7c Drivers\STM32F1xx_HAL_Driver\Src\stm32f1xx_hal.o
                                 0x7d (size before relaxing)
 .comment       0x0000007c       0x7d Drivers\STM32F1xx_HAL_Driver\Src\stm32f1xx_hal_adc.o
 .comment       0x0000007c       0x7d Drivers\STM32F1xx_HAL_Driver\Src\stm32f1xx_hal_adc_ex.o
 .comment       0x0000007c       0x7d Drivers\STM32F1xx_HAL_Driver\Src\stm32f1xx_hal_cortex.o
 .comment       0x0000007c       0x7d Drivers\STM32F1xx_HAL_Driver\Src\stm32f1xx_hal_dma.o
 .comment       0x0000007c       0x7d Drivers\STM32F1xx_HAL_Driver\Src\stm32f1xx_hal_gpio.o
 .comment       0x0000007c       0x7d Drivers\STM32F1xx_HAL_Driver\Src\stm32f1xx_hal_rcc.o
 .comment       0x0000007c       0x7d Drivers\STM32F1xx_HAL_Driver\Src\stm32f1xx_hal_rcc_ex.o
 .comment       0x0000007c       0x7d Drivers\STM32F1xx_HAL_Driver\Src\stm32f1xx_hal_tim.o
 .comment       0x0000007c       0x7d Drivers\STM32F1xx_HAL_Driver\Src\stm32f1xx_hal_tim_ex.o
 .comment       0x0000007c       0x7d Drivers\STM32F1xx_HAL_Driver\Src\stm32f1xx_hal_uart.o
 .comment       0x0000007c       0x7d Src\IrrigationSystem.o
 .comment       0x0000007c       0x7d Src\main.o
 .comment       0x0000007c       0x7d Src\modbus.o
 .comment       0x0000007c       0x7d Src\stm32f1xx_hal_msp.o
 .comment       0x0000007c       0x7d Src\stm32f1xx_it.o
 .comment       0x0000007c       0x7d Src\system_stm32f1xx.o

.debug_frame    0x00000000     0x1f38
 .debug_frame   0x00000000      0x1b0 Drivers\STM32F1xx_HAL_Driver\Src\stm32f1xx_hal.o
 .debug_frame   0x000001b0      0x298 Drivers\STM32F1xx_HAL_Driver\Src\stm32f1xx_hal_adc.o
 .debug_frame   0x00000448      0x170 Drivers\STM32F1xx_HAL_Driver\Src\stm32f1xx_hal_adc_ex.o
 .debug_frame   0x000005b8      0x120 Drivers\STM32F1xx_HAL_Driver\Src\stm32f1xx_hal_cortex.o
 .debug_frame   0x000006d8      0x144 Drivers\STM32F1xx_HAL_Driver\Src\stm32f1xx_hal_dma.o
 .debug_frame   0x0000081c       0xd4 Drivers\STM32F1xx_HAL_Driver\Src\stm32f1xx_hal_gpio.o
 .debug_frame   0x000008f0      0x150 Drivers\STM32F1xx_HAL_Driver\Src\stm32f1xx_hal_rcc.o
 .debug_frame   0x00000a40       0x6c Drivers\STM32F1xx_HAL_Driver\Src\stm32f1xx_hal_rcc_ex.o
 .debug_frame   0x00000aac      0x854 Drivers\STM32F1xx_HAL_Driver\Src\stm32f1xx_hal_tim.o
 .debug_frame   0x00001300      0x320 Drivers\STM32F1xx_HAL_Driver\Src\stm32f1xx_hal_tim_ex.o
 .debug_frame   0x00001620      0x4a0 Drivers\STM32F1xx_HAL_Driver\Src\stm32f1xx_hal_uart.o
 .debug_frame   0x00001ac0       0xc8 Src\IrrigationSystem.o
 .debug_frame   0x00001b88       0x6c Src\main.o
 .debug_frame   0x00001bf4       0xd0 Src\modbus.o
 .debug_frame   0x00001cc4       0xf8 Src\stm32f1xx_hal_msp.o
 .debug_frame   0x00001dbc      0x100 Src\stm32f1xx_it.o
 .debug_frame   0x00001ebc       0x30 Src\system_stm32f1xx.o
 .debug_frame   0x00001eec       0x2c c:/program files (x86)/atollic/truestudio for stm32 9.2.0/armtools/bin/../lib/gcc/arm-atollic-eabi/6.3.1/../../../../arm-atollic-eabi/lib/armv7-m\libc_nano.a(lib_a-init.o)
 .debug_frame   0x00001f18       0x20 c:/program files (x86)/atollic/truestudio for stm32 9.2.0/armtools/bin/../lib/gcc/arm-atollic-eabi/6.3.1/../../../../arm-atollic-eabi/lib/armv7-m\libc_nano.a(lib_a-memset.o)
